error: extern type with generic type parameter is not supported yet
 --> $DIR/tests/ui/extern_type_generic.rs:4:22
  |
4 |         type Generic<T>;
  |                      ^
