error[E0271]: type mismatch resolving `<outside::C as ExternType>::Kind == Trivial`
  --> $DIR/unique_ptr_to_opaque.rs:25:5
   |
25 |     cxx::UniquePtr::new(outside::C { a: 4 } );
   |     ^^^^^^^^^^^^^^^^^^^ expected enum `Trivial`, found enum `cxx::kind::Opaque`
   |
   = note: required by `UniquePtr::<T>::new`
